main                                                                                                                    PAGE 1
                         1     ;  ___ _
                         2     ; / __) |
                         3     ;| |__| | ____ ____  ____  _   _     ____  ___ ____
                         4     ;|  __) |/ _  |  _ \|  _ \| | | |   / _  |/___)    \
                         5     ;| |  | ( ( | | | | | | | | |_| |  ( ( | |___ | | | |
                         6     ;|_|  |_|\_||_| ||_/| ||_/ \__  |   \_||_(___/|_|_|_|
                         7     ;             |_|   |_|   (____/
                         8
                         9     ; Autor:
                        10     ; -> David Waidner
                        11     ; -> Matthias Häfele
                        12     ; -> Florian Schwarz
                        13
                        14     ; DHBW Karlsruhe
                        15     ;
                        16     ;Anleitungen:
                        17     ;
                        18     ; Zeitgeber/Zähler-Steuerregister (TCON):
                        19     ; hhttp://www.self8051.de/zeitgeber_z%C3%A4hler-steuerregister_(tcon),18155.html
                        20     ;
                        21     ; Port 0 bis 3
                        22     ; http://www.self8051.de/port_0_bis_3,18218.html
                        23     ;
                        24     ; Alle Befehle
                        25     ; http://www.self8051.de/alle_Befehle_des_8051_Mikrocontroller,13290.html
                        26     ;
                        27     org 000H
0000 020016             28     jmp main ; Springt zu main
                        29
                        30     ; Einsprungpunkt für die Interrupt Servic Routine (ISR) (Hardware)
                        31     org 003H
0003 02004D             32             ljmp interrupt0 ; Springt zur interrupt0 Marke
                        33
                        34
                        35     org 013H
0013 020058             36             ljmp interrupt1 ; Springt zur interrupt0 Marke
                        37
                        38
                        39     main:
0016 D2AF               40             setb EA         ; Aktiviert Interrupt System (Enable All)
                        41
0018 D2A8               42             setb EX0        ; Aktiviert den External Interrupt 0 (Port 3.2)
001A D288               43             setb IT0        ; Internal Timer 0 aktivieren. reagiert somit auf die negativ Flanke
                        44
001C D2AA               45             setb EX1        ; Aktiviert den External Interrupt 1 (Port 3.3)
001E D28A               46             setb IT1        ; Internal Timer 1 aktivieren. reagiert somit auf die negativ Flanke
                        47
                        48             ; Wandmuster initialisieren und im Registerspeicher ablegen
0020 780A               49             mov R0,#00AH
0022 76CF               50             mov @R0,#11001111b
0024 08                 51             inc R0
0025 76E7               52             mov @R0,#11100111b
0027 08                 53             inc R0
0028 76F3               54             mov @R0,#11110011b
002A 08                 55             inc R0
002B 76E7               56             mov @R0,#11100111b
002D 08                 57             inc R0
002E 76FC               58             mov @R0,#11111100b
0030 08                 59             inc R0
0031 76F3               60             mov @R0,#11110011b
                        61
                        62
                        63             ; Vogel Initialisieren
0033 7408               64             mov A,#008H
0035 F5A0               65             mov P2,A
0037 7A03               66             mov R2,#03H  ; Simuliert den Fall nach 3 Steps
                        67
                        68             ; Panel für Wand initialisieren (X-Position)
0039 7401               69             mov A,#00000001b
003B F580               70             mov P0,A
                        71
                        72             ; Wandmuster auf den Port Setzen
003D E6                 73             mov A,@R0
003E F590               74             mov P1,A
                        75
                        76             ; In Endlosschleife springen
0040 020043             77             jmp loop
                        78
                        79     ; Endlosschleife
                        80     loop:
                        81             ; Lässt den Vogel alle drei mal fallen
0043 EA                 82             mov A,R2
0044 14                 83             dec A
0045 FA                 84             mov R2,A
0046 604D               85             jz vogeldrop ; Vogel fällt
                        86
0048 790A               87             mov R1,#00AH ; Länge der Pause
                        88
004A 020063             89             jmp animationspause
                        90
                        91
                        92     ; ISR 1
                        93     interrupt0:
                        94
                        95             ; Dividiert den Inhalt von P2 durch 2 und lädt ihn wieder in P1 (Punkt nach oben)
004D E5A0               96             mov A,P2
004F 75F002             97             mov B,#02H
0052 84                 98             div AB
0053 F5A0               99             mov P2,A
                       100
0055 C289              101             clr IE0 ; Kennzeichnungsbit für externen Interrupt wird gesetzt (=1) bei bei einem Interrupt
                       102
0057 32                103             RETI
                       104
                       105     ; ISR 2
                       106     interrupt1:
                       107
                       108             ; Multipliziert den Inhalt von P2 mit 2 und lädt ihn wieder in P1 (Punkt nach unten)
0058 E5A0              109             mov A,P2
005A 75F002            110             mov B,#02H
005D A4                111             mul AB
005E F5A0              112             mov P2,A
                       113
0060 C28B              114             clr IE1 ; Kennzeichnungsbit für externen Interrupt wird gesetzt (=1) bei bei einem Interrupt
                       115
0062 32                116             RETI
                       117
                       118     animationspause:
0063 D9FE              119             djnz R1,$
0065 020068            120             jmp animation
                       121
                       122     ; Bewegt die Wand nach links
                       123     animation:
                       124             ; Wenn der Vogel weg ist
0068 E5A0              125             mov A,P2
006A 6035              126             jz gameover1
                       127
                       128             ; Multipliziere Port 2 mit 2. Bewegt die Wand nach links
006C E580              129             mov A,P0
006E 75F002            130             mov B,#02H
0071 A4                131             mul AB
0072 F580              132             mov P0,A
0074 9480              133             subb A,#080H
                       134
0076 6002              135             jz neuewand
                       136
0078 80C9              137             jmp loop
                       138
                       139     ; Eine neue Wand aus dem Array
                       140     neuewand:
                       141             ; Kollisionserkennung
007A E590              142             mov A,P1
007C FB                143             mov R3,A
007D E5A0              144             mov A,P2
007F 5B                145             anl A,R3
0080 701F              146             jnz gameover1
                       147
                       148             ; Wand zurück nach rechts schieben
0082 7401              149             mov A,#00000001b
0084 F580              150             mov P0,A
                       151
                       152
                       153             ; Ein Wandmuster weiterschalten
0086 18                154             dec R0
0087 E6                155             mov A,@R0
0088 F590              156             mov P1,A
                       157
                       158             ; Schauen ob das Array zu ende ist
008A 740A              159             mov A,#0AH
008C 98                160             subb A,R0
008D 6002              161             jz wandreset
                       162
008F 80B2              163             jmp loop
                       164
                       165     ; Setzt das Wand Array auf die Startposition zurück
                       166     wandreset:
0091 780F              167             mov R0,#0FH
0093 80AE              168             jmp loop
                       169
                       170     ; Lässt Vogel fallen
                       171     vogeldrop:
0095 7A04              172             mov R2,#04H
                       173
                       174             ; Multipliziert den Inhalt von P2 mit 2 und lädt ihn wieder in P1 (Punkt nach unten)
0097 E5A0              175             mov A,P2
0099 75F002            176             mov B,#02H
009C A4                177             mul AB
009D F5A0              178             mov P2,A
                       179
009F 80A2              180             jmp loop
                       181
                       182     ; Matrix blinken lassen
                       183     gameover1:
00A1 74FF              184             mov A,#0FFH
00A3 F580              185             mov P0,A
00A5 F590              186             mov P1,A
00A7 0200AA            187             jmp gameover2
                       188
                       189     gameover2:
00AA 7400              190             mov A,#000H
00AC F580              191             mov P0,A
00AE F590              192             mov P1,A
00B0 80EF              193             jmp gameover1
                       194
****WARNING:Missing`END'directive
ASSEMBLY COMPLETE, NO ERRORS FOUND, 1 WARNING


ERROR SUMMARY:
Line 194, WARNING:Missing`END'directive

SYMBOL TABLE:
??MCU_8051_IDE . . . . . . . . . . .  N  NUMB  8051H  NOT USED
??VERSION. . . . . . . . . . . . . .  N  NUMB  0149H  NOT USED
AC . . . . . . . . . . . . . . . . .  B  ADDR  00D6H  NOT USED
ACC. . . . . . . . . . . . . . . . .  D  ADDR  00E0H  NOT USED
ACSR . . . . . . . . . . . . . . . .  D  ADDR  0097H  NOT USED
ADCF . . . . . . . . . . . . . . . .  D  ADDR  00F6H  NOT USED
ADCLK. . . . . . . . . . . . . . . .  D  ADDR  00F2H  NOT USED
ADCON. . . . . . . . . . . . . . . .  D  ADDR  00F3H  NOT USED
ADDH . . . . . . . . . . . . . . . .  D  ADDR  00F5H  NOT USED
ADDL . . . . . . . . . . . . . . . .  D  ADDR  00F4H  NOT USED
ANIMATION. . . . . . . . . . . . . .  C  ADDR  0068H
ANIMATIONSPAUSE. . . . . . . . . . .  C  ADDR  0063H
AUXR . . . . . . . . . . . . . . . .  D  ADDR  008EH  NOT USED
AUXR1. . . . . . . . . . . . . . . .  D  ADDR  00A2H  NOT USED
B. . . . . . . . . . . . . . . . . .  D  ADDR  00F0H
BDRCON . . . . . . . . . . . . . . .  D  ADDR  009BH  NOT USED
BDRCON_1 . . . . . . . . . . . . . .  D  ADDR  009CH  NOT USED
BRL. . . . . . . . . . . . . . . . .  D  ADDR  009AH  NOT USED
CCAP0H . . . . . . . . . . . . . . .  D  ADDR  00FAH  NOT USED
CCAP0L . . . . . . . . . . . . . . .  D  ADDR  00EAH  NOT USED
CCAP1H . . . . . . . . . . . . . . .  D  ADDR  00FBH  NOT USED
CCAP1L . . . . . . . . . . . . . . .  D  ADDR  00EBH  NOT USED
CCAP2H . . . . . . . . . . . . . . .  D  ADDR  00FCH  NOT USED
CCAP3H . . . . . . . . . . . . . . .  D  ADDR  00FDH  NOT USED
CCAP4H . . . . . . . . . . . . . . .  D  ADDR  00FEH  NOT USED
CCAPL2H. . . . . . . . . . . . . . .  D  ADDR  00FCH  NOT USED
CCAPL2L. . . . . . . . . . . . . . .  D  ADDR  00ECH  NOT USED
CCAPL3H. . . . . . . . . . . . . . .  D  ADDR  00FDH  NOT USED
CCAPL3L. . . . . . . . . . . . . . .  D  ADDR  00EDH  NOT USED
CCAPL4H. . . . . . . . . . . . . . .  D  ADDR  00FEH  NOT USED
CCAPL4L. . . . . . . . . . . . . . .  D  ADDR  00EEH  NOT USED
CCAPM0 . . . . . . . . . . . . . . .  D  ADDR  00DAH  NOT USED
CCAPM1 . . . . . . . . . . . . . . .  D  ADDR  00DBH  NOT USED
CCAPM2 . . . . . . . . . . . . . . .  D  ADDR  00DCH  NOT USED
CCAPM3 . . . . . . . . . . . . . . .  D  ADDR  00DDH  NOT USED
CCAPM4 . . . . . . . . . . . . . . .  D  ADDR  00DEH  NOT USED
CCF0 . . . . . . . . . . . . . . . .  B  ADDR  00D8H  NOT USED
CCF1 . . . . . . . . . . . . . . . .  B  ADDR  00D9H  NOT USED
CCF2 . . . . . . . . . . . . . . . .  B  ADDR  00DAH  NOT USED
CCF3 . . . . . . . . . . . . . . . .  B  ADDR  00DBH  NOT USED
CCF4 . . . . . . . . . . . . . . . .  B  ADDR  00DCH  NOT USED
CCON . . . . . . . . . . . . . . . .  D  ADDR  00D8H  NOT USED
CFINT. . . . . . . . . . . . . . . .  C  ADDR  0033H  NOT USED
CH . . . . . . . . . . . . . . . . .  D  ADDR  00F9H  NOT USED
CKCON. . . . . . . . . . . . . . . .  D  ADDR  008FH  NOT USED
CKCON0 . . . . . . . . . . . . . . .  D  ADDR  008FH  NOT USED
CKRL . . . . . . . . . . . . . . . .  D  ADDR  0097H  NOT USED
CKSEL. . . . . . . . . . . . . . . .  D  ADDR  0085H  NOT USED
CL . . . . . . . . . . . . . . . . .  D  ADDR  00E9H  NOT USED
CLKREG . . . . . . . . . . . . . . .  D  ADDR  008FH  NOT USED
CMOD . . . . . . . . . . . . . . . .  D  ADDR  00D9H  NOT USED
CPRL2. . . . . . . . . . . . . . . .  B  ADDR  00C8H  NOT USED
CR . . . . . . . . . . . . . . . . .  B  ADDR  00DEH  NOT USED
CT2. . . . . . . . . . . . . . . . .  B  ADDR  00C9H  NOT USED
CY . . . . . . . . . . . . . . . . .  B  ADDR  00D7H  NOT USED
DP0H . . . . . . . . . . . . . . . .  D  ADDR  0083H  NOT USED
DP0L . . . . . . . . . . . . . . . .  D  ADDR  0082H  NOT USED
DP1H . . . . . . . . . . . . . . . .  D  ADDR  0085H  NOT USED
DP1L . . . . . . . . . . . . . . . .  D  ADDR  0084H  NOT USED
DPH. . . . . . . . . . . . . . . . .  D  ADDR  0083H  NOT USED
DPL. . . . . . . . . . . . . . . . .  D  ADDR  0082H  NOT USED
EA . . . . . . . . . . . . . . . . .  B  ADDR  00AFH
EC . . . . . . . . . . . . . . . . .  B  ADDR  00AEH  NOT USED
EECON. . . . . . . . . . . . . . . .  D  ADDR  0096H  NOT USED
ES . . . . . . . . . . . . . . . . .  B  ADDR  00ACH  NOT USED
ET0. . . . . . . . . . . . . . . . .  B  ADDR  00A9H  NOT USED
ET1. . . . . . . . . . . . . . . . .  B  ADDR  00ABH  NOT USED
ET2. . . . . . . . . . . . . . . . .  B  ADDR  00ADH  NOT USED
EX0. . . . . . . . . . . . . . . . .  B  ADDR  00A8H
EX1. . . . . . . . . . . . . . . . .  B  ADDR  00AAH
EXEN2. . . . . . . . . . . . . . . .  B  ADDR  00CBH  NOT USED
EXF2 . . . . . . . . . . . . . . . .  B  ADDR  00CEH  NOT USED
EXTI0. . . . . . . . . . . . . . . .  C  ADDR  0003H  NOT USED
EXTI1. . . . . . . . . . . . . . . .  C  ADDR  0013H  NOT USED
F0 . . . . . . . . . . . . . . . . .  B  ADDR  00D5H  NOT USED
FE . . . . . . . . . . . . . . . . .  B  ADDR  009FH  NOT USED
GAMEOVER1. . . . . . . . . . . . . .  C  ADDR  00A1H
GAMEOVER2. . . . . . . . . . . . . .  C  ADDR  00AAH
IE . . . . . . . . . . . . . . . . .  D  ADDR  00A8H  NOT USED
IE0. . . . . . . . . . . . . . . . .  B  ADDR  0089H
IE1. . . . . . . . . . . . . . . . .  B  ADDR  008BH
INT0 . . . . . . . . . . . . . . . .  B  ADDR  00B2H  NOT USED
INT1 . . . . . . . . . . . . . . . .  B  ADDR  00B3H  NOT USED
INTERRUPT0 . . . . . . . . . . . . .  C  ADDR  004DH
INTERRUPT1 . . . . . . . . . . . . .  C  ADDR  0058H
IP . . . . . . . . . . . . . . . . .  D  ADDR  00B8H  NOT USED
IPH. . . . . . . . . . . . . . . . .  D  ADDR  00B7H  NOT USED
IPH0 . . . . . . . . . . . . . . . .  D  ADDR  00B7H  NOT USED
IPH1 . . . . . . . . . . . . . . . .  D  ADDR  00B3H  NOT USED
IPL0 . . . . . . . . . . . . . . . .  D  ADDR  00B8H  NOT USED
IPL1 . . . . . . . . . . . . . . . .  D  ADDR  00B2H  NOT USED
IT0. . . . . . . . . . . . . . . . .  B  ADDR  0088H
IT1. . . . . . . . . . . . . . . . .  B  ADDR  008AH
KBE. . . . . . . . . . . . . . . . .  D  ADDR  009DH  NOT USED
KBF. . . . . . . . . . . . . . . . .  D  ADDR  009EH  NOT USED
KBLS . . . . . . . . . . . . . . . .  D  ADDR  009CH  NOT USED
LOOP . . . . . . . . . . . . . . . .  C  ADDR  0043H
MAIN . . . . . . . . . . . . . . . .  C  ADDR  0016H
NEUEWAND . . . . . . . . . . . . . .  C  ADDR  007AH
OSCCON . . . . . . . . . . . . . . .  D  ADDR  0086H  NOT USED
OV . . . . . . . . . . . . . . . . .  B  ADDR  00D2H  NOT USED
P. . . . . . . . . . . . . . . . . .  B  ADDR  00D0H  NOT USED
P0 . . . . . . . . . . . . . . . . .  D  ADDR  0080H
P1 . . . . . . . . . . . . . . . . .  D  ADDR  0090H
P1M1 . . . . . . . . . . . . . . . .  D  ADDR  00D4H  NOT USED
P1M2 . . . . . . . . . . . . . . . .  D  ADDR  00E2H  NOT USED
P2 . . . . . . . . . . . . . . . . .  D  ADDR  00A0H
P3 . . . . . . . . . . . . . . . . .  D  ADDR  00B0H  NOT USED
P3M1 . . . . . . . . . . . . . . . .  D  ADDR  00D5H  NOT USED
P3M2 . . . . . . . . . . . . . . . .  D  ADDR  00E3H  NOT USED
P4 . . . . . . . . . . . . . . . . .  D  ADDR  00C0H  NOT USED
P4M1 . . . . . . . . . . . . . . . .  D  ADDR  00D6H  NOT USED
P4M2 . . . . . . . . . . . . . . . .  D  ADDR  00E4H  NOT USED
P5 . . . . . . . . . . . . . . . . .  D  ADDR  00E8H  NOT USED
PC . . . . . . . . . . . . . . . . .  B  ADDR  00BEH  NOT USED
PCON . . . . . . . . . . . . . . . .  D  ADDR  0087H  NOT USED
PPCL . . . . . . . . . . . . . . . .  B  ADDR  00BEH  NOT USED
PS . . . . . . . . . . . . . . . . .  B  ADDR  00BCH  NOT USED
PSL. . . . . . . . . . . . . . . . .  B  ADDR  00BCH  NOT USED
PSW. . . . . . . . . . . . . . . . .  D  ADDR  00D0H  NOT USED
PT0. . . . . . . . . . . . . . . . .  B  ADDR  00B9H  NOT USED
PT0L . . . . . . . . . . . . . . . .  B  ADDR  00B9H  NOT USED
PT1. . . . . . . . . . . . . . . . .  B  ADDR  00BBH  NOT USED
PT1L . . . . . . . . . . . . . . . .  B  ADDR  00BBH  NOT USED
PT2. . . . . . . . . . . . . . . . .  B  ADDR  00BDH  NOT USED
PT2L . . . . . . . . . . . . . . . .  B  ADDR  00BDH  NOT USED
PX0. . . . . . . . . . . . . . . . .  B  ADDR  00B8H  NOT USED
PX0L . . . . . . . . . . . . . . . .  B  ADDR  00B8H  NOT USED
PX1. . . . . . . . . . . . . . . . .  B  ADDR  00BAH  NOT USED
PX1L . . . . . . . . . . . . . . . .  B  ADDR  00BAH  NOT USED
RB8. . . . . . . . . . . . . . . . .  B  ADDR  009AH  NOT USED
RCAP2H . . . . . . . . . . . . . . .  D  ADDR  00CBH  NOT USED
RCAP2L . . . . . . . . . . . . . . .  D  ADDR  00CAH  NOT USED
RCLK . . . . . . . . . . . . . . . .  B  ADDR  00CDH  NOT USED
RD . . . . . . . . . . . . . . . . .  B  ADDR  00B7H  NOT USED
REN. . . . . . . . . . . . . . . . .  B  ADDR  009CH  NOT USED
RESET. . . . . . . . . . . . . . . .  C  ADDR  0000H  NOT USED
RI . . . . . . . . . . . . . . . . .  B  ADDR  0098H  NOT USED
RS0. . . . . . . . . . . . . . . . .  B  ADDR  00D3H  NOT USED
RS1. . . . . . . . . . . . . . . . .  B  ADDR  00D4H  NOT USED
RXD. . . . . . . . . . . . . . . . .  B  ADDR  00B0H  NOT USED
SADDR. . . . . . . . . . . . . . . .  D  ADDR  00A9H  NOT USED
SADDR_0. . . . . . . . . . . . . . .  D  ADDR  00A9H  NOT USED
SADDR_1. . . . . . . . . . . . . . .  D  ADDR  00AAH  NOT USED
SADEN. . . . . . . . . . . . . . . .  D  ADDR  00B9H  NOT USED
SADEN_0. . . . . . . . . . . . . . .  D  ADDR  00B9H  NOT USED
SADEN_1. . . . . . . . . . . . . . .  D  ADDR  00BAH  NOT USED
SBUF . . . . . . . . . . . . . . . .  D  ADDR  0099H  NOT USED
SCON . . . . . . . . . . . . . . . .  D  ADDR  0098H  NOT USED
SINT . . . . . . . . . . . . . . . .  C  ADDR  0023H  NOT USED
SM0. . . . . . . . . . . . . . . . .  B  ADDR  009FH  NOT USED
SM1. . . . . . . . . . . . . . . . .  B  ADDR  009EH  NOT USED
SM2. . . . . . . . . . . . . . . . .  B  ADDR  009DH  NOT USED
SP . . . . . . . . . . . . . . . . .  D  ADDR  0081H  NOT USED
SPCON. . . . . . . . . . . . . . . .  D  ADDR  00C3H  NOT USED
SPCR . . . . . . . . . . . . . . . .  D  ADDR  00D5H  NOT USED
SPDAT. . . . . . . . . . . . . . . .  D  ADDR  00C5H  NOT USED
SPDR . . . . . . . . . . . . . . . .  D  ADDR  0086H  NOT USED
SPSR . . . . . . . . . . . . . . . .  D  ADDR  00AAH  NOT USED
SPSTA. . . . . . . . . . . . . . . .  D  ADDR  00C4H  NOT USED
T0 . . . . . . . . . . . . . . . . .  B  ADDR  00B4H  NOT USED
T1 . . . . . . . . . . . . . . . . .  B  ADDR  00B5H  NOT USED
T2CON. . . . . . . . . . . . . . . .  D  ADDR  00C8H  NOT USED
T2MOD. . . . . . . . . . . . . . . .  D  ADDR  00C9H  NOT USED
TB8. . . . . . . . . . . . . . . . .  B  ADDR  009BH  NOT USED
TCLK . . . . . . . . . . . . . . . .  B  ADDR  00CCH  NOT USED
TCON . . . . . . . . . . . . . . . .  D  ADDR  0088H  NOT USED
TF0. . . . . . . . . . . . . . . . .  B  ADDR  008DH  NOT USED
TF1. . . . . . . . . . . . . . . . .  B  ADDR  008FH  NOT USED
TF2. . . . . . . . . . . . . . . . .  B  ADDR  00CFH  NOT USED
TH0. . . . . . . . . . . . . . . . .  D  ADDR  008CH  NOT USED
TH1. . . . . . . . . . . . . . . . .  D  ADDR  008DH  NOT USED
TH2. . . . . . . . . . . . . . . . .  D  ADDR  00CDH  NOT USED
TI . . . . . . . . . . . . . . . . .  B  ADDR  0099H  NOT USED
TIMER0 . . . . . . . . . . . . . . .  C  ADDR  000BH  NOT USED
TIMER1 . . . . . . . . . . . . . . .  C  ADDR  001BH  NOT USED
TIMER2 . . . . . . . . . . . . . . .  C  ADDR  002BH  NOT USED
TL0. . . . . . . . . . . . . . . . .  D  ADDR  008AH  NOT USED
TL1. . . . . . . . . . . . . . . . .  D  ADDR  008BH  NOT USED
TL2. . . . . . . . . . . . . . . . .  D  ADDR  00CCH  NOT USED
TMOD . . . . . . . . . . . . . . . .  D  ADDR  0089H  NOT USED
TR0. . . . . . . . . . . . . . . . .  B  ADDR  008CH  NOT USED
TR1. . . . . . . . . . . . . . . . .  B  ADDR  008EH  NOT USED
TR2. . . . . . . . . . . . . . . . .  B  ADDR  00CAH  NOT USED
TXD. . . . . . . . . . . . . . . . .  B  ADDR  00B1H  NOT USED
VOGELDROP. . . . . . . . . . . . . .  C  ADDR  0095H
WANDRESET. . . . . . . . . . . . . .  C  ADDR  0091H
WDTCON . . . . . . . . . . . . . . .  D  ADDR  00A7H  NOT USED
WDTPRG . . . . . . . . . . . . . . .  D  ADDR  00A7H  NOT USED
WDTRST . . . . . . . . . . . . . . .  D  ADDR  00A6H  NOT USED
WR . . . . . . . . . . . . . . . . .  B  ADDR  00B6H  NOT USED